// Jest Snapshot v1, https://goo.gl/fbAQLP

exports[`Display of the Calculator renders correctly 1`] = `
Array [
  <h2
    className="intro-text"
  >
    Your Perfect Math Calculator
  </h2>,
  <input
    disabled={true}
    style={
      Object {
        "color": "whitesmoke",
      }
    }
    type="text"
    value="100"
  />,
]
`;
