// Jest Snapshot v1, https://goo.gl/fbAQLP

exports[`Calculator renders correctly 1`] = `
<div>
  <div
    class="calc-container"
  >
    <h2
      class="intro-text"
    >
      Your Perfect Math Calculator
    </h2>
    <input
      disabled=""
      style="color: whitesmoke;"
      type="text"
      value="0"
    />
    <div
      class="all-btns"
    >
      <button
        class="grid-item undefined"
        type="button"
      >
        AC
      </button>
      <button
        class="grid-item undefined"
        type="button"
      >
        +/-
      </button>
      <button
        class="grid-item undefined"
        type="button"
      >
        %
      </button>
      <button
        class="grid-item undefined"
        type="button"
      >
        รท
      </button>
      <button
        class="grid-item undefined"
        type="button"
      >
        7
      </button>
      <button
        class="grid-item undefined"
        type="button"
      >
        8
      </button>
      <button
        class="grid-item undefined"
        type="button"
      >
        9
      </button>
      <button
        class="grid-item undefined"
        type="button"
      >
        x
      </button>
      <button
        class="grid-item undefined"
        type="button"
      >
        4
      </button>
      <button
        class="grid-item undefined"
        type="button"
      >
        5
      </button>
      <button
        class="grid-item undefined"
        type="button"
      >
        6
      </button>
      <button
        class="grid-item undefined"
        type="button"
      >
        -
      </button>
      <button
        class="grid-item undefined"
        type="button"
      >
        1
      </button>
      <button
        class="grid-item undefined"
        type="button"
      >
        2
      </button>
      <button
        class="grid-item undefined"
        type="button"
      >
        3
      </button>
      <button
        class="grid-item undefined"
        type="button"
      >
        +
      </button>
      <button
        class="grid-item span-2"
        type="button"
      >
        0
      </button>
      <button
        class="grid-item undefined"
        type="button"
      >
        .
      </button>
      <button
        class="grid-item undefined"
        type="button"
      >
        =
      </button>
    </div>
  </div>
</div>
`;
