// Jest Snapshot v1, https://goo.gl/fbAQLP

exports[`Layout renders correctly 1`] = `
<div>
  <nav
    className="navbar"
  >
    <h1>
      Maths Magicians
    </h1>
    <ul
      className="nav-menu"
    >
      <li>
        <a
          aria-current="page"
          className="active"
          href="/"
          onClick={[Function]}
        >
          Home
        </a>
      </li>
      <li>
        <a
          className=""
          href="/CalculatorPage"
          onClick={[Function]}
        >
          Calculator
        </a>
      </li>
      <li>
        <a
          className=""
          href="/Quote"
          onClick={[Function]}
        >
          Quote
        </a>
      </li>
    </ul>
  </nav>
</div>
`;
